Creating PLL partition
Header of sequence 0(0) Allobophora_caliginosa  (492 sites)
Header of sequence 1(1) Allolobophora_tuberculata  (492 sites)
Header of sequence 2(2) Allolobophora_nocturna  (492 sites)
Header of sequence 3(3) Allolobophora_longa  (492 sites)
Header of sequence 4(4) Allolobophora_trapezoides  (492 sites)
Header of sequence 5(5) Allolobophora_clorotica  (492 sites)
Header of sequence 6(6) Allolobophora_chloroticaG  (492 sites)
Header of sequence 7(7) Allolobophora_choroticaP  (492 sites)
Header of sequence 8(8) Allolobophora_icterica  (492 sites)
Header of sequence 9(9) Allolobophora_molleri  (492 sites)
Header of sequence 10(10) Allolobophora_rosea  (492 sites)
Header of sequence 11(11) Eiseniella_tetraedra  (492 sites)
Header of sequence 12(12) Dendrobaena_octaedra  (492 sites)
Header of sequence 13(13) Scherotheca_gigas  (492 sites)
Header of sequence 14(14) Octolasion_lacteum  (492 sites)
Header of sequence 15(15) Octolasion_cyanemum  (492 sites)
Header of sequence 16(16) Octolasion_lacteumoscuro  (492 sites)
Header of sequence 17(17) Allolobophora_minuscula  (492 sites)
Header of sequence 18(18) Lumbricus_festivus  (492 sites)
Header of sequence 19(19) Lumbricus_friendi  (492 sites)
Header of sequence 20(20) Lumbricus_friendi_irlanda  (492 sites)
Header of sequence 21(21) Lumbricus_terrestris  (492 sites)
Header of sequence 22(22) Lumbricus_rubelus  (492 sites)
Header of sequence 23(23) Lumbricus_castaneus  (492 sites)
Header of sequence 24(24) Eisenia_andrei  (492 sites)
Header of sequence 25(25) Eisenia_fetida  (492 sites)
Header of sequence 26(26) Allolobophora_oliveirae  (492 sites)
Header of sequence 27(27) Dendrobaena_attemsi  (492 sites)
Header of sequence 28(28) Dendrobaena_rubida  (492 sites)
Header of sequence 29(29) Eisenia_eiseni  (492 sites)
Header of sequence 30(30) Dendrobaena_mammalis  (492 sites)
Header of sequence 31(31) Dendrobaena_madeirensis  (492 sites)
Header of sequence 32(32) Hornogaster_elisae  (492 sites)
Header of sequence 33(33) Criodrilus_lacuum  (492 sites)
Header of sequence 34(34) Prosellodrillus_practicola  (492 sites)
Header of sequence 35(35) Dendrobaena_veneta  (492 sites)
Header of sequence 36(36) Dendrobaena_hortensis  (492 sites)
Header of sequence 37(37) Allolobophora_limicola  (492 sites)
Header of sequence 38(38) Amynthas_corticis  (492 sites)
Header of sequence 39(39) Perionyx_excabatus  (492 sites)
Header of sequence 40(40) Microscolex_phosphoreus  (492 sites)
Header of sequence 41(41) Eudrilus_eugeniae  (492 sites)
Header of sequence 42(42) Pontoscolex_corethurus  (492 sites)
Big test OK

logL:      -6117.553841
Small test OK

Fail test OK
