Creating PLL partition
Header of sequence 0(0) RL5X_THETH (113 sites)
   PIGLRVTLRRDRMWIFLEKLLNVALPRIRDFRGLN--PNSFDGRGNYNLGLREQLIFPEITYDMVDALRGMDIAVVT------TAETDEE----------ARALLELLGFPFR
Header of sequence 1(1) RL5_THEMA (113 sites)
   PIGLKVTLRGARMYNFLYKLINIVLPKVRDFRGLD--PNSFDGRGNYSFGLSEQLVFPELNPDEVRRIQGMDITIVT------TAKTDQE----------ARRLLELFGMPFK
Header of sequence 2(2) RL5_MYCCA (113 sites)
   AIGAKVTLRGKKMYDFLDKLINVALPRVRDFRGVS--KTSFDGFGNFYTGIKEQIIFPEVDHDKVIRLRGMDITIVT------SAKTNKE----------AFALLQKIGMPFE
Header of sequence 3(3) RK5_CYAPA (113 sites)
   PIGVMVTLRGDYMYAFLDRLINLSLPRIRDFRGIT--AKSFDGRGNYNLGLKEQLIFPEVDYDGIEQIRGMDISIVT------TAKTDQE----------GLALLKSLGMPFA
Header of sequence 4(4) RL5_MICLU (113 sites)
   PIGTHATLRGDRMWEFLDRLVTLPLPRIRDFRGLS--DRQFDGNGNYTFGLSEQTVFHEIDQDKIDRVRGMDITVVT------TAKNDDE----------GRALLKALGFPFK
Header of sequence 5(5) RL5_BUCAK (113 sites)
   PIGCKVTLRGERMWEFFERLISIAVPRIRDFRGLS--AKSFDGRGNYSMGVREQIIFPEIDYDKVDRVRGLDITITT------TAKSDDE----------GRALLAAFNFPFR
Header of sequence 6(6) RL5_MYCGE (113 sites)
   LIGCKVTLRNKKMWSFLEKLIYIALPRVRDFRGLS--LRSFDGKGNYTIGIKEQIIFPEIVYDDIKRIRGFDITIVT------STNKDSE----------ALALLRALKMPFV
Header of sequence 7(7) RK5_EUGGR (113 sites)
   PVGMFLTLRSEKMYSFLDRLINLSLPRIRDFQGIN--KNCFDGSGNFSFGLSEQSMFPEINFDKMIKVQGLNITIVT------TAETNQE----------AFFLLKELGIPFR
Header of sequence 8(8) RK5_ODOSI (113 sites)
   ELGLTVTLRGSKMYSFLTKLIFFTFAQIRDFRGLS--VRSFDKAGNYTLGLKEQLIFPEIDYDDVDQTQGFSITLVF------SSTAPKSRSKTMDRVLNGMVLFKFLRFPLN
Header of sequence 9(9) RL5_SULAC (113 sites)
   PIGVKATLRRQAAVEFLKKVL-----PAVNFRLK---QSSFDNYGNVSFGIAEHVLIPGTRYDPEIGIFGMDVAITLVRPGYRTMKRKRKKA----SIPRRHRVTKEEAINFM
Header of sequence 10(10) RL5_METVA (113 sites)
   PIGLKVTLRGKNAEEFLENAF-----VAFKVSGKVLYASSFDKVGNFSFGVPEHIDFPGQKYDPTVGIYGMDICVTFEKPGYRVKSRKLKRS----HIPAKHLVKKEEAIEYI
Header of sequence 11(11) RL5_METJA (113 sites)
   PIGLKVTLRGKKAEEFLKNAF-----EAFQKEGKKLYDYSFDDYGNFSFGIHEHIDFPGQKYDPMIGIFGMDVCVTLERPGFRVKRRKRCRA----KIPRRHRLTREEAIEFI
Header of sequence 12(12) RL5_HALMA (113 sites)
   PIGAKVTLRDEMAEEFLQTAL-----PLAELATS-----QFDDTGNFSFGVEEHTEFPSQEYDPSIGIYGLDVTVNLVRPGYRVAKRDKASR----SIPTKHRLNPADAVAFI
Header of sequence 13(13) RL11_YEAST (113 sites)
   KIAVHVTVRGPKAEEILERGL-----KVKEYQLR---DRNFSATGNFGFGIDEHIDL-GIKYDPSIGIFGMDFYVVMNRPGARVTRRKRCKG----TVGNSHKTTKEDTVSWF
Header of sequence 14(14) RL11_SCHPO (113 sites)
   KIACHVTVRGPKAEEILERGL-----KVKEYELK---KRNFSATGNFGFGIQEHIDL-GIKYDPSIGIYGMDFYVVMDRPGMRVARRKAQRG----RVGYTHKINAEDTINWF
Header of sequence 15(15) RL11_LEICH (113 sites)
   KIAVHCTVRGKKAEELLEKGL-----KVKEFELK---SYNFSDTGSFGFGIDEHIDL-GIKYDPSTGIYGMDFYVVLGRRGERVAHRKRKCS----RVGHSHHVTKEEAMKWF
Header of sequence 16(16) RL11_DROME (113 sites)
   KIAVHCTVRGAKAEEILERGL-----KVREYELR---RENFSSTGNFGFGIQEHIDL-GIKYDPSIGIYGLDFYVVLGRPGYNVNHRKRKSG----TVGFQHRLTKEDAMKWF
Header of sequence 17(17) RL11_HUMAN (113 sites)
   KIAVHCTVRGAKAEEILEKGL-----KVREYELR---KNNFSDTGNFGFGIQEHIDL-GIKYDPSIGIYGLDFYVVLGRPGFSIADKKRRTG----CIGAKHRISKEEAMRWF
Header of sequence 18(18) RL11_CHLRE (113 sites)
   KISCYVTVRGEKAYDLVKRGL-----AVKEFELI---RKNFSDTGNFGFGIQEHIDL-GLKYDPSTGIYGMDFYVCLERRGYRVARRRKQKA----HVGVKHKVTKEDAIKWF
Header of sequence 19(19) R111_ARATH (113 sites)
   KIACYVTVRGEKAMQLLESGL-----KVKEYELL---RRNFSDTGCFGFGIQEHIDL-GIKYDPSTGIYGMDFYVVLERPGYRVARRRRCKA----RVGIQHRVTKDDAMKWF
Header of sequence 20(20) RL11_TETTH (113 sites)
   KMAVHVTIRGDKARDILTRGL-----KVKEMELR---KKNFSNTGNFGFGIQEHIDL-GMKYDPSTGIFGMDFYVVLERPGTRVARRRRATS----RVGNNQMISKEECINWF
Test OK

Fail test OK (sequence 1)
