Read testdata/2000.tree: 2000 taxa
Read testdata/2000.fas: 1251 sites

TEST 1: NO ASC BIAS
Log-L: -376539.211547
  Br.Len      logLikelihood       1st Deriv       2nd Deriv
  0.0001     -376569.858622 -7.17805288e+03  9.00973704e+06  *
  0.0010     -376565.211482 -4.02412312e+03  1.60951377e+06  *
  0.0100     -376549.092340 -9.26475886e+02  9.12042854e+04  *
  0.1000     -376546.759479  2.18660011e+02  1.79731004e+03  *
  1.0000     -376790.406580  2.22401826e+02 -1.04126523e+02  
 10.0000     -377445.004318  2.42918481e+01 -3.40494037e+00  
100.0000     -377836.767226  7.72835622e-01 -1.91544043e-02  

TEST 2: ASC BIAS LEWIS
Log-L: -376534.406057
  Br.Len      logLikelihood       1st Deriv       2nd Deriv
  0.0001     -376565.047252 -7.17792843e+03  9.00973703e+06  *
  0.0010     -376560.400224 -4.02399868e+03  1.60951376e+06  *
  0.0100     -376544.282202 -9.26351502e+02  9.12042792e+04  *
  0.1000     -376541.960510  2.18783836e+02  1.79730384e+03  *
  1.0000     -376785.716589  2.22520222e+02 -1.04132398e+02  
 10.0000     -377441.178362  2.43689770e+01 -3.40845664e+00  
100.0000     -377834.948574  7.77743047e-01 -1.92658552e-02  

TEST 2: ASC BIAS FELSENSTEIN
Log-L: -377485.067669
  Br.Len      logLikelihood       1st Deriv       2nd Deriv
  0.0001     -377515.507269 -7.17366429e+03  9.00973694e+06  *
  0.0010     -377510.864079 -4.01973463e+03  1.60951366e+06  *
  0.0100     -377494.784429 -9.22088348e+02  9.12041795e+04  *
  0.1000     -377492.846018  2.23038024e+02  1.79720428e+03  *
  1.0000     -377740.390709  2.26685357e+02 -1.04230721e+02  
 10.0000     -378429.545536  2.77137045e+01 -3.49185337e+00  
100.0000     -378947.603295  1.23122794e+00 -2.83269795e-02  

TEST 2: ASC BIAS STAMATAKIS
Log-L: -377961.619605
  Br.Len      logLikelihood       1st Deriv       2nd Deriv
  0.0001     -377991.971916 -7.17181912e+03  9.00973694e+06  *
  0.0010     -377987.330386 -4.01788946e+03  1.60951367e+06  *
  0.0100     -377971.267343 -9.20243116e+02  9.12041859e+04  *
  0.1000     -377969.495029  2.24883827e+02  1.79721051e+03  *
  1.0000     -378218.703151  2.28535724e+02 -1.04226800e+02  
 10.0000     -378924.372499  2.95020195e+01 -3.50863767e+00  
100.0000     -379504.407122  1.30619027e+00 -3.15896886e-02  

TEST 1: NO ASC BIAS
Log-L: -376539.211547
  Br.Len      logLikelihood       1st Deriv       2nd Deriv
  0.0001     -376588.767896 -2.01491393e+04  4.35212664e+07  *
  0.0010     -376578.147065 -7.83726887e+03  4.69011502e+06  *
  0.0100     -376552.867352 -1.27249532e+03  1.36077377e+05  *
  0.1000     -376546.153557  2.15083632e+02  1.92380335e+03  *
  1.0000     -376787.910260  2.20059204e+02 -1.02352431e+02  
 10.0000     -377440.724115  2.43890918e+01 -3.40966697e+00  
100.0000     -377835.804935  7.80659251e-01 -1.93956876e-02  

TEST 2: ASC BIAS LEWIS
Log-L: -376534.406057
  Br.Len      logLikelihood       1st Deriv       2nd Deriv
  0.0001     -376583.956195 -2.01490149e+04  4.35212664e+07  *
  0.0010     -376573.335476 -7.83714442e+03  4.69011502e+06  *
  0.0100     -376548.056883 -1.27237093e+03  1.36077371e+05  *
  0.1000     -376541.354258  2.15207466e+02  1.92379716e+03  *
  1.0000     -376783.219948  2.20177610e+02 -1.02358306e+02  
 10.0000     -377436.897900  2.44662262e+01 -3.41318351e+00  
100.0000     -377833.986162  7.85566995e-01 -1.95071458e-02  

TEST 2: ASC BIAS FELSENSTEIN
Log-L: -377485.067669
  Br.Len      logLikelihood       1st Deriv       2nd Deriv
  0.0001     -377534.404871 -2.01447507e+04  4.35212663e+07  *
  0.0010     -377523.787990 -7.83288036e+03  4.69011492e+06  *
  0.0100     -377498.547769 -1.26810776e+03  1.36077271e+05  *
  0.1000     -377492.228426  2.19461666e+02  1.92369759e+03  *
  1.0000     -377737.882738  2.24342756e+02 -1.02456629e+02  
 10.0000     -378425.253834  2.78109621e+01 -3.49658061e+00  
100.0000     -378946.629686  1.23905084e+00 -2.85682551e-02  

TEST 2: ASC BIAS STAMATAKIS
Log-L: -377961.619605
  Br.Len      logLikelihood       1st Deriv       2nd Deriv
  0.0001     -378010.864604 -2.01429056e+04  4.35212663e+07  *
  0.0010     -378000.249384 -7.83103519e+03  4.69011492e+06  *
  0.0100     -377975.025770 -1.26626254e+03  1.36077278e+05  *
  0.1000     -377968.872522  2.21307457e+02  1.92370382e+03  *
  1.0000     -378216.190255  2.26193111e+02 -1.02452708e+02  
 10.0000     -378920.075798  2.95992716e+01 -3.51336437e+00  
100.0000     -379503.428611  1.31401425e+00 -3.18309848e-02  

TEST 1: NO ASC BIAS
Log-L: -376539.211547
  Br.Len      logLikelihood       1st Deriv       2nd Deriv
  0.0001     -376662.410545 -2.83159180e+04  5.91239012e+07  *
  0.0010     -376646.551695 -1.25624606e+04  6.20431514e+06  *
  0.0100     -376599.021044 -2.83234165e+03  2.34237871e+05  *
  0.1000     -376540.111656 -8.58666183e+01  4.26252492e+03  *
  1.0000     -376698.940701  1.82867072e+02 -6.06107215e+01  
 10.0000     -377294.479082  2.35183408e+01 -3.19063217e+00  
100.0000     -377685.791460  7.84835181e-01 -1.94758100e-02  

TEST 2: ASC BIAS LEWIS
Log-L: -376534.406057
  Br.Len      logLikelihood       1st Deriv       2nd Deriv
  0.0001     -376657.588431 -2.83157932e+04  5.91239012e+07  *
  0.0010     -376641.729693 -1.25623359e+04  6.20431513e+06  *
  0.0100     -376594.200164 -2.83221698e+03  2.34237864e+05  *
  0.1000     -376535.301971 -8.57425086e+01  4.26251871e+03  *
  1.0000     -376694.240245  1.82985740e+02 -6.06166099e+01  
 10.0000     -377290.644629  2.35956442e+01 -3.19415665e+00  
100.0000     -377683.968743  7.89753173e-01 -1.95875013e-02  

TEST 2: ASC BIAS FELSENSTEIN
Log-L: -377485.067669
  Br.Len      logLikelihood       1st Deriv       2nd Deriv
  0.0001     -377607.680708 -2.83115291e+04  5.91239011e+07  *
  0.0010     -377591.825809 -1.25580718e+04  6.20431503e+06  *
  0.0100     -377544.334652 -2.82795385e+03  2.34237765e+05  *
  0.1000     -377485.819737 -8.14883441e+01  4.26241915e+03  *
  1.0000     -377648.546601  1.87150851e+02 -6.07149337e+01  
 10.0000     -378278.643753  2.69403278e+01 -3.27755659e+00  
100.0000     -378796.248227  1.24318914e+00 -2.86477576e-02  

TEST 2: ASC BIAS STAMATAKIS
Log-L: -377961.619605
  Br.Len      logLikelihood       1st Deriv       2nd Deriv
  0.0001     -378083.985873 -2.83096842e+04  5.91239011e+07  *
  0.0010     -378068.132634 -1.25562269e+04  6.20431504e+06  *
  0.0100     -378020.658081 -2.82610887e+03  2.34237771e+05  *
  0.1000     -377962.309241 -7.96427931e+01  4.26242539e+03  *
  1.0000     -378126.699316  1.89000978e+02 -6.07109990e+01  
 10.0000     -378773.309382  2.87285203e+01 -3.29432956e+00  
100.0000     -379352.893744  1.31819017e+00 -3.19111068e-02  
