*** TREE # S1
Tree: BINARY, virtual root at clv_id: 5
Number of tips/inner nodes/edges in tree: 4 / 2 / 5
|   
+--- A 0.000000 0
|   
+--- B 0.000000 1
|   
+---+ (null) 0.000000 4
    |   
    +--- C 0.000000 2
    |   
    +--- D 0.000000 3
Newick export (default): (A:0.000000,B:0.000000,(C:0.000000,D:0.000000):0.000000):0.0;
Newick export (custom): (A[0]:0.0000,B[1]:0.0000,(C[2]:0.0000,D[3]:0.0000)[4]:0.0000):0.0;
Newick export (rooted): (A:0.000000,(B:0.000000,(C:0.000000,D:0.000000):0.000000):6.130000):0.0;

*** TREE # S2
Tree: BINARY, virtual root at clv_id: 7
Number of tips/inner nodes/edges in tree: 5 / 3 / 7
|   
+---+ (null) 0.000000 5
|   |   
|   +--- A 0.000000 0
|   |   
|   +--- B 0.000000 1
|   
+--- C 0.000000 2
|   
+---+ (null) 0.000000 6
    |   
    +--- D 0.000000 3
    |   
    +--- E 0.000000 4
Newick export (default): ((A:0.000000,B:0.000000):0.000000,C:0.000000,(D:0.000000,E:0.000000):0.000000):0.0;
Newick export (custom): ((A[0]:0.0000,B[1]:0.0000)[5]:0.0000,C[2]:0.0000,(D[3]:0.0000,E[4]:0.0000)[6]:0.0000):0.0;
Newick export (rooted): ((A:0.000000,B:0.000000):0.000000,(C:0.000000,(D:0.000000,E:0.000000):0.000000):6.130000):0.0;

*** TREE # S3
Tree: BINARY, virtual root at clv_id: 5
Number of tips/inner nodes/edges in tree: 4 / 2 / 5
|   
+--- A 0.100000 0
|   
+--- B 0.200000 1
|   
+---+ (null) 0.500000 4
    |   
    +--- C 0.300000 2
    |   
    +--- D 0.400000 3
Newick export (default): (A:0.100000,B:0.200000,(C:0.300000,D:0.400000):0.500000)0:0.0;
Newick export (custom): (A[0]:0.1000,B[1]:0.2000,(C[2]:0.3000,D[3]:0.4000)[4]:0.5000)0:0.0;
Newick export (rooted): (A:0.100000,(B:0.200000,(C:0.300000,D:0.400000):0.500000)0:6.130000):0.0;

*** TREE # S4
NOTE: tree was automatically unrooted!
Tree: MULTIFURCATING, virtual root at clv_id: 8
Number of tips/inner nodes/edges in tree: 6 / 3 / 8
|   
+---+ (null) 1.600000 7
|   |   
|   +--- D 0.400000 0
|   |   
|   +---+ (null) 0.100000 6
|       |   
|       +--- E 0.500000 1
|       |   
|       +--- F 0.000000 2
|   
+--- A 0.100000 3
|   
+--- B 0.200000 4
|   
+--- C 0.300000 5
Newick export (default): ((D:0.400000,(E:0.500000,F:0.000000):0.100000):1.600000,A:0.100000,B:0.200000,C:0.300000):0.0;
Newick export (custom): ((D[0]:0.4000,(E[1]:0.5000,F[2]:0.0000)[6]:0.1000)[7]:1.6000,A[3]:0.1000,B[4]:0.2000,C[5]:0.3000):0.0;
Newick export (rooted): ((D:0.400000,(E:0.500000,F:0.000000):0.100000):1.600000,(A:0.100000,B:0.200000,C:0.300000):6.130000):0.0;

*** TREE # S5
NOTE: tree was automatically unrooted!
Tree: BINARY, virtual root at clv_id: 7
Number of tips/inner nodes/edges in tree: 5 / 3 / 7
|   
+---+ (null) 0.600000 6
|   |   
|   +--- taxon3 0.200000 0
|   |   
|   +---+ 95 0.220000 5
|       |   
|       +--- t4 0.500000 1
|       |   
|       +--- t5 0.300000 2
|   
+--- taxon1 0.100000 3
|   
+--- 2 2.000000 4
Newick export (default): ((taxon3:0.200000,(t4:0.500000,t5:0.300000)95:0.220000):0.600000,taxon1:0.100000,2:2.000000)100:0.0;
Newick export (custom): ((taxon3[0]:0.2000,(t4[1]:0.5000,t5[2]:0.3000)95[5]:0.2200)[6]:0.6000,taxon1[3]:0.1000,2[4]:2.0000)100:0.0;
Newick export (rooted): ((taxon3:0.200000,(t4:0.500000,t5:0.300000)95:0.220000):0.600000,(taxon1:0.100000,2:2.000000)100:6.130000):0.0;

*** TREE # F1
Tree: BINARY, virtual root at clv_id: 7
Number of tips/inner nodes/edges in tree: 5 / 3 / 7
|   
+---+ 0.945628 0.014664 6
|   |   
|   +---+ 0.000000 0.001824 5
|   |   |   
|   |   +--- t1 0.055930 0
|   |   |   
|   |   +--- t2 0.045388 1
|   |   
|   +--- t3 0.067507 2
|   
+--- t4 0.080701 3
|   
+--- t5 0.109538 4
Newick export (default): (((t1:0.055930,t2:0.045388)0.000000:0.001824,t3:0.067507)0.945628:0.014664,t4:0.080701,t5:0.109538):0.0;
Newick export (custom): (((t1[0]:0.0559,t2[1]:0.0454)0.000000[5]:0.0018,t3[2]:0.0675)0.945628[6]:0.0147,t4[3]:0.0807,t5[4]:0.1095):0.0;
Newick export (rooted): (((t1:0.055930,t2:0.045388)0.000000:0.001824,t3:0.067507)0.945628:0.014664,(t4:0.080701,t5:0.109538):6.130000):0.0;

*** TREE # F2
NOTE: tree was automatically unrooted!
Tree: BINARY, virtual root at clv_id: 7
Number of tips/inner nodes/edges in tree: 5 / 3 / 7
|   
+---+ C 0.200000 6
|   |   
|   +--- t3 0.100000 0
|   |   
|   +---+ B 0.100000 5
|       |   
|       +--- t4 0.100000 1
|       |   
|       +--- t5 0.100000 2
|   
+--- t1 0.100000 3
|   
+--- t2 0.100000 4
Newick export (default): ((t3:0.100000,(t4:0.100000,t5:0.100000)B:0.100000)C:0.200000,t1:0.100000,t2:0.100000)A:0.0;
Newick export (custom): ((t3[0]:0.1000,(t4[1]:0.1000,t5[2]:0.1000)B[5]:0.1000)C[6]:0.2000,t1[3]:0.1000,t2[4]:0.1000)A:0.0;
Newick export (rooted): ((t3:0.100000,(t4:0.100000,t5:0.100000)B:0.100000)C:0.200000,(t1:0.100000,t2:0.100000)A:6.130000):0.0;

*** TREE # F3
NOTE: tree was automatically unrooted!
Tree: BINARY, virtual root at clv_id: 7
Number of tips/inner nodes/edges in tree: 5 / 3 / 7
|   
+--- t1 0.200000 0
|   
+--- t2 0.100000 1
|   
+---+ C 0.100000 6
    |   
    +--- t3 0.100000 2
    |   
    +---+ B 0.100000 5
        |   
        +--- t4 0.100000 3
        |   
        +--- t5 0.100000 4
Newick export (default): (t1:0.200000,t2:0.100000,(t3:0.100000,(t4:0.100000,t5:0.100000)B:0.100000)C:0.100000)A:0.0;
Newick export (custom): (t1[0]:0.2000,t2[1]:0.1000,(t3[2]:0.1000,(t4[3]:0.1000,t5[4]:0.1000)B[5]:0.1000)C[6]:0.1000)A:0.0;
Newick export (rooted): (t1:0.200000,(t2:0.100000,(t3:0.100000,(t4:0.100000,t5:0.100000)B:0.100000)C:0.100000)A:6.130000):0.0;

*** TREE # F4
Tree: BINARY, virtual root at clv_id: 117
Number of tips/inner nodes/edges in tree: 60 / 58 / 117
|   
+---+ N1 0.002871 60
|   |   
|   +--- T039 0.001342 0
|   |   
|   +--- T052 0.001472 1
|   
+---+ N50 0.002713 109
|   |   
|   +---+ N45 0.000534 104
|   |   |   
|   |   +---+ N44 0.000817 103
|   |   |   |   
|   |   |   +---+ N43 0.017015 102
|   |   |   |   |   
|   |   |   |   +---+ N14 0.001666 73
|   |   |   |   |   |   
|   |   |   |   |   +---+ N11 0.002540 70
|   |   |   |   |   |   |   
|   |   |   |   |   |   +---+ N7 0.000481 66
|   |   |   |   |   |   |   |   
|   |   |   |   |   |   |   +---+ N5 0.008273 64
|   |   |   |   |   |   |   |   |   
|   |   |   |   |   |   |   |   +---+ N3 0.004861 62
|   |   |   |   |   |   |   |   |   |   
|   |   |   |   |   |   |   |   |   +---+ N2 0.008567 61
|   |   |   |   |   |   |   |   |   |   |   
|   |   |   |   |   |   |   |   |   |   +--- T001 0.000781 2
|   |   |   |   |   |   |   |   |   |   |   
|   |   |   |   |   |   |   |   |   |   +--- T003 0.000781 3
|   |   |   |   |   |   |   |   |   |   
|   |   |   |   |   |   |   |   |   +--- T005 0.007251 4
|   |   |   |   |   |   |   |   |   
|   |   |   |   |   |   |   |   +---+ N4 0.010635 63
|   |   |   |   |   |   |   |       |   
|   |   |   |   |   |   |   |       +--- T002 0.100000 5
|   |   |   |   |   |   |   |       |   
|   |   |   |   |   |   |   |       +--- T004 0.100000 6
|   |   |   |   |   |   |   |   
|   |   |   |   |   |   |   +---+ N6 0.021569 65
|   |   |   |   |   |   |       |   
|   |   |   |   |   |   |       +--- T031 0.001026 7
|   |   |   |   |   |   |       |   
|   |   |   |   |   |   |       +--- T032 0.001786 8
|   |   |   |   |   |   |   
|   |   |   |   |   |   +---+ N10 0.004552 69
|   |   |   |   |   |       |   
|   |   |   |   |   |       +---+ N8 0.009393 67
|   |   |   |   |   |       |   |   
|   |   |   |   |   |       |   +--- T013 0.000307 9
|   |   |   |   |   |       |   |   
|   |   |   |   |   |       |   +--- T014 0.000317 10
|   |   |   |   |   |       |   
|   |   |   |   |   |       +---+ N9 0.016157 68
|   |   |   |   |   |           |   
|   |   |   |   |   |           +--- T026 0.470037 11
|   |   |   |   |   |           |   
|   |   |   |   |   |           +--- T027 0.000981 12
|   |   |   |   |   |   
|   |   |   |   |   +---+ N13 0.012876 72
|   |   |   |   |       |   
|   |   |   |   |       +---+ N12 0.013714 71
|   |   |   |   |       |   |   
|   |   |   |   |       |   +--- T028 0.000663 13
|   |   |   |   |       |   |   
|   |   |   |   |       |   +--- T029 0.000899 14
|   |   |   |   |       |   
|   |   |   |   |       +--- T030 0.010885 15
|   |   |   |   |   
|   |   |   |   +---+ N42 0.002277 101
|   |   |   |       |   
|   |   |   |       +---+ N23 0.028790 82
|   |   |   |       |   |   
|   |   |   |       |   +---+ N22 0.002050 81
|   |   |   |       |   |   |   
|   |   |   |       |   |   +---+ N17 0.003299 76
|   |   |   |       |   |   |   |   
|   |   |   |       |   |   |   +---+ N16 0.006312 75
|   |   |   |       |   |   |   |   |   
|   |   |   |       |   |   |   |   +---+ N15 0.000613 74
|   |   |   |       |   |   |   |   |   |   
|   |   |   |       |   |   |   |   |   +--- T047 0.000916 16
|   |   |   |       |   |   |   |   |   |   
|   |   |   |       |   |   |   |   |   +--- T058 0.000646 17
|   |   |   |       |   |   |   |   |   
|   |   |   |       |   |   |   |   +--- T046 0.002204 18
|   |   |   |       |   |   |   |   
|   |   |   |       |   |   |   +--- T035 0.007141 19
|   |   |   |       |   |   |   
|   |   |   |       |   |   +---+ N21 0.009761 80
|   |   |   |       |   |       |   
|   |   |   |       |   |       +---+ N19 0.000342 78
|   |   |   |       |   |       |   |   
|   |   |   |       |   |       |   +---+ N18 0.000762 77
|   |   |   |       |   |       |   |   |   
|   |   |   |       |   |       |   |   +--- T049 0.843279 20
|   |   |   |       |   |       |   |   |   
|   |   |   |       |   |       |   |   +--- T051 0.843279 21
|   |   |   |       |   |       |   |   
|   |   |   |       |   |       |   +--- T048 0.000174 22
|   |   |   |       |   |       |   
|   |   |   |       |   |       +---+ N20 0.000596 79
|   |   |   |       |   |           |   
|   |   |   |       |   |           +--- T034 0.000892 23
|   |   |   |       |   |           |   
|   |   |   |       |   |           +--- T036 0.000357 24
|   |   |   |       |   |   
|   |   |   |       |   +--- T055 0.013401 25
|   |   |   |       |   
|   |   |   |       +---+ N41 0.047187 100
|   |   |   |           |   
|   |   |   |           +---+ N39 0.002556 98
|   |   |   |           |   |   
|   |   |   |           |   +---+ N29 0.007610 88
|   |   |   |           |   |   |   
|   |   |   |           |   |   +---+ N27 0.029890 86
|   |   |   |           |   |   |   |   
|   |   |   |           |   |   |   +---+ N25 0.008166 84
|   |   |   |           |   |   |   |   |   
|   |   |   |           |   |   |   |   +---+ N24 0.000525 83
|   |   |   |           |   |   |   |   |   |   
|   |   |   |           |   |   |   |   |   +--- T010 2.151286 26
|   |   |   |           |   |   |   |   |   |   
|   |   |   |           |   |   |   |   |   +--- T012 0.000290 27
|   |   |   |           |   |   |   |   |   
|   |   |   |           |   |   |   |   +--- T009 9.875808 28
|   |   |   |           |   |   |   |   
|   |   |   |           |   |   |   +---+ N26 0.008204 85
|   |   |   |           |   |   |       |   
|   |   |   |           |   |   |       +--- T008 5.565886 29
|   |   |   |           |   |   |       |   
|   |   |   |           |   |   |       +--- T011 0.001193 30
|   |   |   |           |   |   |   
|   |   |   |           |   |   +---+ N28 0.038891 87
|   |   |   |           |   |       |   
|   |   |   |           |   |       +--- T006 0.000749 31
|   |   |   |           |   |       |   
|   |   |   |           |   |       +--- T007 0.000813 32
|   |   |   |           |   |   
|   |   |   |           |   +---+ N38 0.009002 97
|   |   |   |           |       |   
|   |   |   |           |       +---+ N37 0.041835 96
|   |   |   |           |       |   |   
|   |   |   |           |       |   +---+ N32 0.012803 91
|   |   |   |           |       |   |   |   
|   |   |   |           |       |   |   +---+ N31 0.001775 90
|   |   |   |           |       |   |   |   |   
|   |   |   |           |       |   |   |   +---+ N30 0.000477 89
|   |   |   |           |       |   |   |   |   |   
|   |   |   |           |       |   |   |   |   +--- T015 0.000817 33
|   |   |   |           |       |   |   |   |   |   
|   |   |   |           |       |   |   |   |   +--- T022 0.000432 34
|   |   |   |           |       |   |   |   |   
|   |   |   |           |       |   |   |   +--- T021 0.001086 35
|   |   |   |           |       |   |   |   
|   |   |   |           |       |   |   +--- T020 0.001359 36
|   |   |   |           |       |   |   
|   |   |   |           |       |   +---+ N36 0.015169 95
|   |   |   |           |       |       |   
|   |   |   |           |       |       +---+ N34 0.001292 93
|   |   |   |           |       |       |   |   
|   |   |   |           |       |       |   +---+ N33 0.001221 92
|   |   |   |           |       |       |   |   |   
|   |   |   |           |       |       |   |   +--- T018 0.000342 37
|   |   |   |           |       |       |   |   |   
|   |   |   |           |       |       |   |   +--- T019 0.319261 38
|   |   |   |           |       |       |   |   
|   |   |   |           |       |       |   +--- T016 0.000341 39
|   |   |   |           |       |       |   
|   |   |   |           |       |       +---+ N35 0.002154 94
|   |   |   |           |       |           |   
|   |   |   |           |       |           +--- T017 0.000110 40
|   |   |   |           |       |           |   
|   |   |   |           |       |           +--- T023 0.000202 41
|   |   |   |           |       |   
|   |   |   |           |       +--- T033 0.043221 42
|   |   |   |           |   
|   |   |   |           +---+ N40 0.046501 99
|   |   |   |               |   
|   |   |   |               +--- T024 0.000237 43
|   |   |   |               |   
|   |   |   |               +--- T025 7.447760 44
|   |   |   |   
|   |   |   +--- T043 0.007800 45
|   |   |   
|   |   +--- T059 0.013617 46
|   |   
|   +---+ N49 0.002164 108
|       |   
|       +---+ N48 0.001114 107
|       |   |   
|       |   +---+ N47 0.000459 106
|       |   |   |   
|       |   |   +---+ N46 0.000605 105
|       |   |   |   |   
|       |   |   |   +--- T053 0.008508 47
|       |   |   |   |   
|       |   |   |   +--- T057 0.010850 48
|       |   |   |   
|       |   |   +--- T060 0.007606 49
|       |   |   
|       |   +--- T050 0.009139 50
|       |   
|       +--- T056 0.007551 51
|   
+---+ N57 0.000258 116
    |   
    +---+ N56 0.000267 115
    |   |   
    |   +---+ N54 0.002081 113
    |   |   |   
    |   |   +---+ N53 0.000140 112
    |   |   |   |   
    |   |   |   +---+ N52 0.001634 111
    |   |   |   |   |   
    |   |   |   |   +---+ N51 0.000247 110
    |   |   |   |   |   |   
    |   |   |   |   |   +--- T037 0.001309 52
    |   |   |   |   |   |   
    |   |   |   |   |   +--- T045 0.000252 53
    |   |   |   |   |   
    |   |   |   |   +--- T040 0.001003 54
    |   |   |   |   
    |   |   |   +--- T038 0.001810 55
    |   |   |   
    |   |   +--- T044 0.003864 56
    |   |   
    |   +---+ N55 0.005752 114
    |       |   
    |       +--- T041 0.003380 57
    |       |   
    |       +--- T042 0.000373 58
    |   
    +--- T054 0.005790 59
Newick export (default): ((T039:0.001342,T052:0.001472)N1:0.002871,((((((((((T001:0.000781,T003:0.000781)N2:0.008567,T005:0.007251)N3:0.004861,(T002:0.100000,T004:0.100000)N4:0.010635)N5:0.008273,(T031:0.001026,T032:0.001786)N6:0.021569)N7:0.000481,((T013:0.000307,T014:0.000317)N8:0.009393,(T026:0.470037,T027:0.000981)N9:0.016157)N10:0.004552)N11:0.002540,((T028:0.000663,T029:0.000899)N12:0.013714,T030:0.010885)N13:0.012876)N14:0.001666,((((((T047:0.000916,T058:0.000646)N15:0.000613,T046:0.002204)N16:0.006312,T035:0.007141)N17:0.003299,(((T049:0.843279,T051:0.843279)N18:0.000762,T048:0.000174)N19:0.000342,(T034:0.000892,T036:0.000357)N20:0.000596)N21:0.009761)N22:0.002050,T055:0.013401)N23:0.028790,((((((T010:2.151286,T012:0.000290)N24:0.000525,T009:9.875808)N25:0.008166,(T008:5.565886,T011:0.001193)N26:0.008204)N27:0.029890,(T006:0.000749,T007:0.000813)N28:0.038891)N29:0.007610,(((((T015:0.000817,T022:0.000432)N30:0.000477,T021:0.001086)N31:0.001775,T020:0.001359)N32:0.012803,(((T018:0.000342,T019:0.319261)N33:0.001221,T016:0.000341)N34:0.001292,(T017:0.000110,T023:0.000202)N35:0.002154)N36:0.015169)N37:0.041835,T033:0.043221)N38:0.009002)N39:0.002556,(T024:0.000237,T025:7.447760)N40:0.046501)N41:0.047187)N42:0.002277)N43:0.017015,T043:0.007800)N44:0.000817,T059:0.013617)N45:0.000534,((((T053:0.008508,T057:0.010850)N46:0.000605,T060:0.007606)N47:0.000459,T050:0.009139)N48:0.001114,T056:0.007551)N49:0.002164)N50:0.002713,((((((T037:0.001309,T045:0.000252)N51:0.000247,T040:0.001003)N52:0.001634,T038:0.001810)N53:0.000140,T044:0.003864)N54:0.002081,(T041:0.003380,T042:0.000373)N55:0.005752)N56:0.000267,T054:0.005790)N57:0.000258)N58:0.0;
Newick export (custom): ((T039[0]:0.0013,T052[1]:0.0015)N1[60]:0.0029,((((((((((T001[2]:0.0008,T003[3]:0.0008)N2[61]:0.0086,T005[4]:0.0073)N3[62]:0.0049,(T002[5]:0.1000,T004[6]:0.1000)N4[63]:0.0106)N5[64]:0.0083,(T031[7]:0.0010,T032[8]:0.0018)N6[65]:0.0216)N7[66]:0.0005,((T013[9]:0.0003,T014[10]:0.0003)N8[67]:0.0094,(T026[11]:0.4700,T027[12]:0.0010)N9[68]:0.0162)N10[69]:0.0046)N11[70]:0.0025,((T028[13]:0.0007,T029[14]:0.0009)N12[71]:0.0137,T030[15]:0.0109)N13[72]:0.0129)N14[73]:0.0017,((((((T047[16]:0.0009,T058[17]:0.0006)N15[74]:0.0006,T046[18]:0.0022)N16[75]:0.0063,T035[19]:0.0071)N17[76]:0.0033,(((T049[20]:0.8433,T051[21]:0.8433)N18[77]:0.0008,T048[22]:0.0002)N19[78]:0.0003,(T034[23]:0.0009,T036[24]:0.0004)N20[79]:0.0006)N21[80]:0.0098)N22[81]:0.0020,T055[25]:0.0134)N23[82]:0.0288,((((((T010[26]:2.1513,T012[27]:0.0003)N24[83]:0.0005,T009[28]:9.8758)N25[84]:0.0082,(T008[29]:5.5659,T011[30]:0.0012)N26[85]:0.0082)N27[86]:0.0299,(T006[31]:0.0007,T007[32]:0.0008)N28[87]:0.0389)N29[88]:0.0076,(((((T015[33]:0.0008,T022[34]:0.0004)N30[89]:0.0005,T021[35]:0.0011)N31[90]:0.0018,T020[36]:0.0014)N32[91]:0.0128,(((T018[37]:0.0003,T019[38]:0.3193)N33[92]:0.0012,T016[39]:0.0003)N34[93]:0.0013,(T017[40]:0.0001,T023[41]:0.0002)N35[94]:0.0022)N36[95]:0.0152)N37[96]:0.0418,T033[42]:0.0432)N38[97]:0.0090)N39[98]:0.0026,(T024[43]:0.0002,T025[44]:7.4478)N40[99]:0.0465)N41[100]:0.0472)N42[101]:0.0023)N43[102]:0.0170,T043[45]:0.0078)N44[103]:0.0008,T059[46]:0.0136)N45[104]:0.0005,((((T053[47]:0.0085,T057[48]:0.0109)N46[105]:0.0006,T060[49]:0.0076)N47[106]:0.0005,T050[50]:0.0091)N48[107]:0.0011,T056[51]:0.0076)N49[108]:0.0022)N50[109]:0.0027,((((((T037[52]:0.0013,T045[53]:0.0003)N51[110]:0.0002,T040[54]:0.0010)N52[111]:0.0016,T038[55]:0.0018)N53[112]:0.0001,T044[56]:0.0039)N54[113]:0.0021,(T041[57]:0.0034,T042[58]:0.0004)N55[114]:0.0058)N56[115]:0.0003,T054[59]:0.0058)N57[116]:0.0003)N58:0.0;
Newick export (rooted): ((T039:0.001342,T052:0.001472)N1:0.002871,(((((((((((T001:0.000781,T003:0.000781)N2:0.008567,T005:0.007251)N3:0.004861,(T002:0.100000,T004:0.100000)N4:0.010635)N5:0.008273,(T031:0.001026,T032:0.001786)N6:0.021569)N7:0.000481,((T013:0.000307,T014:0.000317)N8:0.009393,(T026:0.470037,T027:0.000981)N9:0.016157)N10:0.004552)N11:0.002540,((T028:0.000663,T029:0.000899)N12:0.013714,T030:0.010885)N13:0.012876)N14:0.001666,((((((T047:0.000916,T058:0.000646)N15:0.000613,T046:0.002204)N16:0.006312,T035:0.007141)N17:0.003299,(((T049:0.843279,T051:0.843279)N18:0.000762,T048:0.000174)N19:0.000342,(T034:0.000892,T036:0.000357)N20:0.000596)N21:0.009761)N22:0.002050,T055:0.013401)N23:0.028790,((((((T010:2.151286,T012:0.000290)N24:0.000525,T009:9.875808)N25:0.008166,(T008:5.565886,T011:0.001193)N26:0.008204)N27:0.029890,(T006:0.000749,T007:0.000813)N28:0.038891)N29:0.007610,(((((T015:0.000817,T022:0.000432)N30:0.000477,T021:0.001086)N31:0.001775,T020:0.001359)N32:0.012803,(((T018:0.000342,T019:0.319261)N33:0.001221,T016:0.000341)N34:0.001292,(T017:0.000110,T023:0.000202)N35:0.002154)N36:0.015169)N37:0.041835,T033:0.043221)N38:0.009002)N39:0.002556,(T024:0.000237,T025:7.447760)N40:0.046501)N41:0.047187)N42:0.002277)N43:0.017015,T043:0.007800)N44:0.000817,T059:0.013617)N45:0.000534,((((T053:0.008508,T057:0.010850)N46:0.000605,T060:0.007606)N47:0.000459,T050:0.009139)N48:0.001114,T056:0.007551)N49:0.002164)N50:0.002713,((((((T037:0.001309,T045:0.000252)N51:0.000247,T040:0.001003)N52:0.001634,T038:0.001810)N53:0.000140,T044:0.003864)N54:0.002081,(T041:0.003380,T042:0.000373)N55:0.005752)N56:0.000267,T054:0.005790)N57:0.000258)N58:6.130000):0.0;

*** TREE # F5
Tree: BINARY, virtual root at clv_id: 39
Number of tips/inner nodes/edges in tree: 21 / 19 / 39
|   
+---+ (null) 0.080780 38
|   |   
|   +---+ (null) 0.042060 36
|   |   |   
|   |   +---+ (null) 0.072730 34
|   |   |   |   
|   |   |   +---+ (null) 0.050710 33
|   |   |   |   |   
|   |   |   |   +---+ (null) 0.108260 32
|   |   |   |   |   |   
|   |   |   |   |   +---+ (null) 0.893220 31
|   |   |   |   |   |   |   
|   |   |   |   |   |   +---+ (null) 0.084570 30
|   |   |   |   |   |   |   |   
|   |   |   |   |   |   |   +---+ (null) 0.452160 27
|   |   |   |   |   |   |   |   |   
|   |   |   |   |   |   |   |   +---+ (null) 0.028730 26
|   |   |   |   |   |   |   |   |   |   
|   |   |   |   |   |   |   |   |   +---+ (null) 0.088250 21
|   |   |   |   |   |   |   |   |   |   |   
|   |   |   |   |   |   |   |   |   |   +--- RL11_HUMAN 0.155180 0
|   |   |   |   |   |   |   |   |   |   |   
|   |   |   |   |   |   |   |   |   |   +--- RL11_DROME 0.085490 1
|   |   |   |   |   |   |   |   |   |   
|   |   |   |   |   |   |   |   |   +---+ (null) 0.083900 25
|   |   |   |   |   |   |   |   |       |   
|   |   |   |   |   |   |   |   |       +---+ (null) 0.065220 23
|   |   |   |   |   |   |   |   |       |   |   
|   |   |   |   |   |   |   |   |       |   +---+ (null) 0.087390 22
|   |   |   |   |   |   |   |   |       |   |   |   
|   |   |   |   |   |   |   |   |       |   |   +--- RL11_YEAST 0.142960 2
|   |   |   |   |   |   |   |   |       |   |   |   
|   |   |   |   |   |   |   |   |       |   |   +--- RL11_SCHPO 0.087500 3
|   |   |   |   |   |   |   |   |       |   |   
|   |   |   |   |   |   |   |   |       |   +--- RL11_TETTH 0.233980 4
|   |   |   |   |   |   |   |   |       |   
|   |   |   |   |   |   |   |   |       +---+ (null) 0.094120 24
|   |   |   |   |   |   |   |   |           |   
|   |   |   |   |   |   |   |   |           +--- R111_ARATH 0.069890 5
|   |   |   |   |   |   |   |   |           |   
|   |   |   |   |   |   |   |   |           +--- RL11_CHLRE 0.190400 6
|   |   |   |   |   |   |   |   |   
|   |   |   |   |   |   |   |   +--- RL11_LEICH 0.141420 7
|   |   |   |   |   |   |   |   
|   |   |   |   |   |   |   +---+ (null) 0.083910 29
|   |   |   |   |   |   |       |   
|   |   |   |   |   |   |       +---+ (null) 0.152820 28
|   |   |   |   |   |   |       |   |   
|   |   |   |   |   |   |       |   +--- RL5_METJA 0.137410 8
|   |   |   |   |   |   |       |   |   
|   |   |   |   |   |   |       |   +--- RL5_METVA 0.271830 9
|   |   |   |   |   |   |       |   
|   |   |   |   |   |   |       +--- RL5_SULAC 0.359530 10
|   |   |   |   |   |   |   
|   |   |   |   |   |   +--- RL5_HALMA 0.369160 11
|   |   |   |   |   |   
|   |   |   |   |   +--- RL5_MYCCA 0.185180 12
|   |   |   |   |   
|   |   |   |   +--- RL5_MYCGE 0.236080 13
|   |   |   |   
|   |   |   +--- RK5_ODOSI 0.627860 14
|   |   |   
|   |   +---+ (null) 0.101740 35
|   |       |   
|   |       +--- RL5_BUCAK 0.157020 15
|   |       |   
|   |       +--- RL5_MICLU 0.281160 16
|   |   
|   +---+ (null) 0.097480 37
|       |   
|       +--- RK5_CYAPA 0.163830 17
|       |   
|       +--- RK5_EUGGR 0.417710 18
|   
+--- RL5X_THETH 0.211720 19
|   
+--- RL5_THEMA 0.225320 20
Newick export (default): (((((((((((RL11_HUMAN:0.155180,RL11_DROME:0.085490):0.088250,(((RL11_YEAST:0.142960,RL11_SCHPO:0.087500):0.087390,RL11_TETTH:0.233980):0.065220,(R111_ARATH:0.069890,RL11_CHLRE:0.190400):0.094120):0.083900):0.028730,RL11_LEICH:0.141420):0.452160,((RL5_METJA:0.137410,RL5_METVA:0.271830):0.152820,RL5_SULAC:0.359530):0.083910):0.084570,RL5_HALMA:0.369160):0.893220,RL5_MYCCA:0.185180):0.108260,RL5_MYCGE:0.236080):0.050710,RK5_ODOSI:0.627860):0.072730,(RL5_BUCAK:0.157020,RL5_MICLU:0.281160):0.101740):0.042060,(RK5_CYAPA:0.163830,RK5_EUGGR:0.417710):0.097480):0.080780,RL5X_THETH:0.211720,RL5_THEMA:0.225320):0.0;
Newick export (custom): (((((((((((RL11_HUMAN[0]:0.1552,RL11_DROME[1]:0.0855)[21]:0.0882,(((RL11_YEAST[2]:0.1430,RL11_SCHPO[3]:0.0875)[22]:0.0874,RL11_TETTH[4]:0.2340)[23]:0.0652,(R111_ARATH[5]:0.0699,RL11_CHLRE[6]:0.1904)[24]:0.0941)[25]:0.0839)[26]:0.0287,RL11_LEICH[7]:0.1414)[27]:0.4522,((RL5_METJA[8]:0.1374,RL5_METVA[9]:0.2718)[28]:0.1528,RL5_SULAC[10]:0.3595)[29]:0.0839)[30]:0.0846,RL5_HALMA[11]:0.3692)[31]:0.8932,RL5_MYCCA[12]:0.1852)[32]:0.1083,RL5_MYCGE[13]:0.2361)[33]:0.0507,RK5_ODOSI[14]:0.6279)[34]:0.0727,(RL5_BUCAK[15]:0.1570,RL5_MICLU[16]:0.2812)[35]:0.1017)[36]:0.0421,(RK5_CYAPA[17]:0.1638,RK5_EUGGR[18]:0.4177)[37]:0.0975)[38]:0.0808,RL5X_THETH[19]:0.2117,RL5_THEMA[20]:0.2253):0.0;
Newick export (rooted): (((((((((((RL11_HUMAN:0.155180,RL11_DROME:0.085490):0.088250,(((RL11_YEAST:0.142960,RL11_SCHPO:0.087500):0.087390,RL11_TETTH:0.233980):0.065220,(R111_ARATH:0.069890,RL11_CHLRE:0.190400):0.094120):0.083900):0.028730,RL11_LEICH:0.141420):0.452160,((RL5_METJA:0.137410,RL5_METVA:0.271830):0.152820,RL5_SULAC:0.359530):0.083910):0.084570,RL5_HALMA:0.369160):0.893220,RL5_MYCCA:0.185180):0.108260,RL5_MYCGE:0.236080):0.050710,RK5_ODOSI:0.627860):0.072730,(RL5_BUCAK:0.157020,RL5_MICLU:0.281160):0.101740):0.042060,(RK5_CYAPA:0.163830,RK5_EUGGR:0.417710):0.097480):0.080780,(RL5X_THETH:0.211720,RL5_THEMA:0.225320):6.130000):0.0;

