datatype = DNA, scaling = per-site, alpha = 0.050000, rates = [ 0.000000 0.000001 0.005299 3.994700 ]
recompute P-matrices: 3997
recompute CLVs: 1998
scaler 1995: [ 8 6 21 21 4 8 6 21 21 4 8 6 21 21 4 8 6 ]
per-site logLH: [ -1565.4625 -1079.1468 -inf -inf -812.9101 -1565.4625 -1079.1468 -inf -inf -812.9101 -1565.4625 -1079.1468 -inf -inf -812.9101 -1565.4625 -1079.1468 ]
logLH INNER-INNER at edge (3997-3995): -inf, LH derivatives: -nan, -nan
logLH TIP-INNER at edge (3997-1999): -inf, LH derivatives: -nan, -nan

datatype = DNA, scaling = per-rate, alpha = 0.050000, rates = [ 0.000000 0.000001 0.005299 3.994700 ]
recompute P-matrices: 3997
recompute CLVs: 1998
scaler 1995: [ 8+(47 22 7 0)  6+(50 25 9 0)  15+(42 16 0 5)  15+(41 16 0 5)  4+(50 27 11 0)  8+(47 22 7 0)  6+(50 25 9 0)  15+(42 16 0 5)  15+(41 16 0 5)  4+(50 27 11 0)  8+(47 22 7 0)  6+(50 25 9 0)  15+(42 16 0 5)  15+(41 16 0 5)  4+(50 27 11 0)  8+(47 22 7 0)  6+(50 25 9 0)  ]
per-site logLH: [ -1565.4625 -1079.1468 -2838.4637 -2813.7557 -812.9101 -1565.4625 -1079.1468 -2838.4637 -2813.7557 -812.9101 -1565.4625 -1079.1468 -2838.4637 -2813.7557 -812.9101 -1565.4625 -1079.1468 ]
logLH INNER-INNER at edge (3997-3995): -29973.8253, LH derivatives: -9.1629, 9.9048
logLH TIP-INNER at edge (3997-1999): -29973.8253, LH derivatives: -4.8961, 3.9260

datatype = PROT, scaling = per-site, alpha = 0.050000, rates = [ 0.000000 0.000001 0.005299 3.994700 ]
recompute P-matrices: 3997
recompute CLVs: 1998
scaler 1995: [ 26 27 26 27 27 27 27 27 27 27 27 27 27 27 27 27 27 ]
per-site logLH: [ -inf -inf -inf -inf -inf -inf -inf -inf -inf -inf -inf -inf -inf -inf -inf -inf -inf ]
logLH INNER-INNER at edge (3997-3995): -inf, LH derivatives: -nan, -nan
logLH TIP-INNER at edge (3997-1999): -inf, LH derivatives: -nan, -nan

datatype = PROT, scaling = per-rate, alpha = 0.050000, rates = [ 0.000000 0.000001 0.005299 3.994700 ]
recompute P-matrices: 3997
recompute CLVs: 1998
scaler 1995: [ 22+(50 26 2 0)  24+(50 24 0 4)  22+(50 26 2 0)  24+(50 23 0 12)  24+(50 24 0 2)  23+(50 25 2 0)  24+(50 24 0 3)  24+(50 24 0 8)  24+(50 24 0 1)  24+(50 24 0 6)  21+(50 27 3 0)  24+(50 24 0 3)  24+(50 24 0 2)  24+(50 24 0 10)  24+(50 24 0 2)  24+(50 24 0 11)  24+(50 24 0 3)  ]
per-site logLH: [ -4082.7793 -4417.3800 -4041.0983 -4356.9538 -4396.2291 -4101.8065 -4427.0472 -4362.8734 -4393.6947 -4385.8480 -3867.0610 -4416.9176 -4362.0046 -4422.4475 -4384.2638 -4434.3424 -4431.7895 ]
logLH INNER-INNER at edge (3997-3995): -73284.5369, LH derivatives: -13.1762, 15.5089
logLH TIP-INNER at edge (3997-1999): -73284.5369, LH derivatives: -6.5163, 4.3544

datatype = ODD, scaling = per-site, alpha = 0.050000, rates = [ 0.000000 0.000001 0.005299 3.994700 ]
recompute P-matrices: 3997
recompute CLVs: 1998
scaler 1995: [ 21 21 21 21 21 21 21 21 21 21 21 21 21 21 21 21 21 ]
per-site logLH: [ -inf -inf -inf -inf -inf -inf -inf -inf -inf -inf -inf -inf -inf -inf -inf -inf -inf ]
logLH INNER-INNER at edge (3997-3995): -inf, LH derivatives: -nan, -nan
logLH TIP-INNER at edge (3997-1999): -inf, LH derivatives: -nan, -nan

datatype = ODD, scaling = per-rate, alpha = 0.050000, rates = [ 0.000000 0.000001 0.005299 3.994700 ]
recompute P-matrices: 3997
recompute CLVs: 1998
scaler 1995: [ 14+(44 18 1 0)  14+(44 18 0 1)  14+(43 17 0 9)  14+(43 17 0 3)  14+(42 16 0 0)  14+(44 18 1 0)  14+(44 18 0 1)  14+(43 17 0 9)  14+(43 17 0 3)  14+(42 16 0 0)  14+(44 18 1 0)  14+(44 18 0 1)  14+(43 17 0 9)  14+(43 17 0 3)  14+(42 16 0 0)  14+(44 18 1 0)  14+(44 18 0 1)  ]
per-site logLH: [ -2532.1251 -2613.2293 -2665.1969 -2613.1833 -2529.7137 -2532.1251 -2613.2293 -2665.1969 -2613.1833 -2529.7137 -2532.1251 -2613.2293 -2665.1969 -2613.1833 -2529.7137 -2532.1251 -2613.2293 ]
logLH INNER-INNER at edge (3997-3995): -44005.6990, LH derivatives: -9.7811, 9.4286
logLH TIP-INNER at edge (3997-1999): -44005.6990, LH derivatives: -6.4884, 4.2845

datatype = DNA, scaling = per-site, alpha = 0.200000, rates = [ 0.000531 0.033775 0.383658 3.582035 ]
recompute P-matrices: 3997
recompute CLVs: 1998
scaler 1995: [ 8 6 21 21 4 8 6 21 21 4 8 6 21 21 4 8 6 ]
per-site logLH: [ -1567.6326 -1076.7894 -inf -inf -827.4514 -1567.6326 -1076.7894 -inf -inf -827.4514 -1567.6326 -1076.7894 -inf -inf -827.4514 -1567.6326 -1076.7894 ]
logLH INNER-INNER at edge (3997-3995): -inf, LH derivatives: -nan, -nan
logLH TIP-INNER at edge (3997-1999): -inf, LH derivatives: -nan, -nan

datatype = DNA, scaling = per-rate, alpha = 0.200000, rates = [ 0.000531 0.033775 0.383658 3.582035 ]
recompute P-matrices: 3997
recompute CLVs: 1998
scaler 1995: [ 8+(11 3 1 0)  6+(14 6 1 0)  12+(8 0 2 8)  12+(7 0 2 8)  4+(15 7 3 0)  8+(11 3 1 0)  6+(14 6 1 0)  12+(8 0 2 8)  12+(7 0 2 8)  4+(15 7 3 0)  8+(11 3 1 0)  6+(14 6 1 0)  12+(8 0 2 8)  12+(7 0 2 8)  4+(15 7 3 0)  8+(11 3 1 0)  6+(14 6 1 0)  ]
per-site logLH: [ -1567.6326 -1076.7894 -2277.3326 -2279.8917 -827.4514 -1567.6326 -1076.7894 -2277.3326 -2279.8917 -827.4514 -1567.6326 -1076.7894 -2277.3326 -2279.8917 -827.4514 -1567.6326 -1076.7894 ]
logLH INNER-INNER at edge (3997-3995): -26731.7147, LH derivatives: -9.7420, 10.1484
logLH TIP-INNER at edge (3997-1999): -26731.7147, LH derivatives: -5.1817, 4.0230

datatype = PROT, scaling = per-site, alpha = 0.200000, rates = [ 0.000531 0.033775 0.383658 3.582035 ]
recompute P-matrices: 3997
recompute CLVs: 1998
scaler 1995: [ 14 16 14 17 15 14 15 16 15 16 14 16 16 15 14 16 15 ]
per-site logLH: [ -2528.0593 -2866.8759 -2665.6955 -3081.3228 -2694.0175 -2547.4985 -2804.6874 -2925.9866 -2697.2864 -3013.7579 -2536.8887 -2955.7905 -2950.6568 -2762.4488 -2637.2314 -2896.2016 -2755.1562 ]
logLH INNER-INNER at edge (3997-3995): -47319.5618, LH derivatives: -14.7588, 17.7934
logLH TIP-INNER at edge (3997-1999): -47319.5618, LH derivatives: -5.2443, 5.4033

datatype = PROT, scaling = per-rate, alpha = 0.200000, rates = [ 0.000531 0.033775 0.383658 3.582035 ]
recompute P-matrices: 3997
recompute CLVs: 1998
scaler 1995: [ 14+(17 5 0 7)  16+(15 3 0 11)  14+(16 5 0 8)  17+(13 2 0 19)  15+(16 4 0 10)  14+(17 5 0 7)  15+(16 4 0 11)  16+(14 3 0 16)  15+(16 4 0 9)  16+(14 3 0 13)  14+(17 5 0 6)  16+(15 3 0 10)  16+(14 3 0 10)  15+(16 4 0 17)  14+(16 5 0 10)  16+(15 3 0 18)  15+(16 4 0 11)  ]
per-site logLH: [ -2528.0593 -2866.8759 -2665.6955 -3081.3228 -2694.0175 -2547.4985 -2804.6874 -2925.9866 -2697.2864 -3013.7579 -2536.8887 -2955.7905 -2950.6568 -2762.4488 -2637.2314 -2896.2016 -2755.1562 ]
logLH INNER-INNER at edge (3997-3995): -47319.5618, LH derivatives: -14.7588, 17.7934
logLH TIP-INNER at edge (3997-1999): -47319.5618, LH derivatives: -5.2443, 5.4033

datatype = ODD, scaling = per-site, alpha = 0.200000, rates = [ 0.000531 0.033775 0.383658 3.582035 ]
recompute P-matrices: 3997
recompute CLVs: 1998
scaler 1995: [ 8 9 10 8 8 8 9 10 8 8 8 9 10 8 8 8 9 ]
per-site logLH: [ -1533.5163 -1648.5918 -1878.4217 -1484.7299 -1433.7941 -1533.5163 -1648.5918 -1878.4217 -1484.7299 -1433.7941 -1533.5163 -1648.5918 -1878.4217 -1484.7299 -1433.7941 -1533.5163 -1648.5918 ]
logLH INNER-INNER at edge (3997-3995): -27119.2697, LH derivatives: -10.1300, 13.7576
logLH TIP-INNER at edge (3997-1999): -27119.2697, LH derivatives: -2.8413, 3.3669

datatype = ODD, scaling = per-rate, alpha = 0.200000, rates = [ 0.000531 0.033775 0.383658 3.582035 ]
recompute P-matrices: 3997
recompute CLVs: 1998
scaler 1995: [ 8+(12 3 0 6)  9+(10 1 0 6)  10+(9 1 0 13)  8+(11 2 0 8)  8+(10 2 0 6)  8+(12 3 0 6)  9+(10 1 0 6)  10+(9 1 0 13)  8+(11 2 0 8)  8+(10 2 0 6)  8+(12 3 0 6)  9+(10 1 0 6)  10+(9 1 0 13)  8+(11 2 0 8)  8+(10 2 0 6)  8+(12 3 0 6)  9+(10 1 0 6)  ]
per-site logLH: [ -1533.5163 -1648.5918 -1878.4217 -1484.7299 -1433.7941 -1533.5163 -1648.5918 -1878.4217 -1484.7299 -1433.7941 -1533.5163 -1648.5918 -1878.4217 -1484.7299 -1433.7941 -1533.5163 -1648.5918 ]
logLH INNER-INNER at edge (3997-3995): -27119.2697, LH derivatives: -10.1300, 13.7576
logLH TIP-INNER at edge (3997-1999): -27119.2697, LH derivatives: -2.8413, 3.3669

datatype = DNA, scaling = per-site, alpha = 2.000000, rates = [ 0.293275 0.655014 1.069990 1.981722 ]
recompute P-matrices: 3997
recompute CLVs: 1998
scaler 1995: [ 9 6 13 13 5 9 6 13 13 5 9 6 13 13 5 9 6 ]
per-site logLH: [ -1603.6166 -1100.1947 -2388.7163 -2399.8925 -913.5515 -1603.6166 -1100.1947 -2388.7163 -2399.8925 -913.5515 -1603.6166 -1100.1947 -2388.7163 -2399.8925 -913.5515 -1603.6166 -1100.1947 ]
logLH INNER-INNER at edge (3997-3995): -27921.7264, LH derivatives: -10.1217, 11.6041
logLH TIP-INNER at edge (3997-1999): -27921.7264, LH derivatives: -4.4571, 4.1648

datatype = DNA, scaling = per-rate, alpha = 2.000000, rates = [ 0.293275 0.655014 1.069990 1.981722 ]
recompute P-matrices: 3997
recompute CLVs: 1998
scaler 1995: [ 9+(0 0 0 0)  6+(2 1 0 0)  13+(0 4 6 7)  13+(0 4 6 7)  5+(2 1 0 0)  9+(0 0 0 0)  6+(2 1 0 0)  13+(0 4 6 7)  13+(0 4 6 7)  5+(2 1 0 0)  9+(0 0 0 0)  6+(2 1 0 0)  13+(0 4 6 7)  13+(0 4 6 7)  5+(2 1 0 0)  9+(0 0 0 0)  6+(2 1 0 0)  ]
per-site logLH: [ -1603.6166 -1100.1947 -2388.7163 -2399.8925 -913.5515 -1603.6166 -1100.1947 -2388.7163 -2399.8925 -913.5515 -1603.6166 -1100.1947 -2388.7163 -2399.8925 -913.5515 -1603.6166 -1100.1947 ]
logLH INNER-INNER at edge (3997-3995): -27921.7264, LH derivatives: -10.1217, 11.6041
logLH TIP-INNER at edge (3997-1999): -27921.7264, LH derivatives: -4.4571, 4.1648

datatype = PROT, scaling = per-site, alpha = 2.000000, rates = [ 0.293275 0.655014 1.069990 1.981722 ]
recompute P-matrices: 3997
recompute CLVs: 1998
scaler 1995: [ 13 16 15 16 15 13 15 16 15 16 13 16 16 15 14 16 15 ]
per-site logLH: [ -2486.5739 -2858.1120 -2696.7932 -3006.3205 -2719.0766 -2479.3256 -2811.6402 -2890.0117 -2719.9726 -2964.3418 -2458.5846 -2930.7615 -2916.2649 -2774.9352 -2666.0946 -2881.4753 -2773.4890 ]
logLH INNER-INNER at edge (3997-3995): -47033.7731, LH derivatives: -14.9122, 17.8012
logLH TIP-INNER at edge (3997-1999): -47033.7731, LH derivatives: -5.5510, 5.5096

datatype = PROT, scaling = per-rate, alpha = 2.000000, rates = [ 0.293275 0.655014 1.069990 1.981722 ]
recompute P-matrices: 3997
recompute CLVs: 1998
scaler 1995: [ 13+(1 0 1 3)  16+(0 0 2 7)  15+(0 0 1 3)  16+(0 3 6 14)  15+(0 0 1 5)  13+(1 0 1 3)  15+(0 1 2 6)  16+(0 1 4 10)  15+(0 0 1 5)  16+(0 2 5 9)  13+(1 0 1 3)  16+(0 1 3 6)  16+(0 1 3 6)  15+(0 1 2 8)  14+(0 0 2 5)  16+(0 1 3 9)  15+(0 0 2 6)  ]
per-site logLH: [ -2486.5739 -2858.1120 -2696.7932 -3006.3205 -2719.0766 -2479.3256 -2811.6402 -2890.0117 -2719.9726 -2964.3418 -2458.5846 -2930.7615 -2916.2649 -2774.9352 -2666.0946 -2881.4753 -2773.4890 ]
logLH INNER-INNER at edge (3997-3995): -47033.7731, LH derivatives: -14.9122, 17.8012
logLH TIP-INNER at edge (3997-1999): -47033.7731, LH derivatives: -5.5510, 5.5096

datatype = ODD, scaling = per-site, alpha = 2.000000, rates = [ 0.293275 0.655014 1.069990 1.981722 ]
recompute P-matrices: 3997
recompute CLVs: 1998
scaler 1995: [ 8 8 9 8 7 8 8 9 8 7 8 8 9 8 7 8 8 ]
per-site logLH: [ -1517.3278 -1593.6331 -1771.7801 -1464.2867 -1422.1250 -1517.3278 -1593.6331 -1771.7801 -1464.2867 -1422.1250 -1517.3278 -1593.6331 -1771.7801 -1464.2867 -1422.1250 -1517.3278 -1593.6331 ]
logLH INNER-INNER at edge (3997-3995): -26418.4190, LH derivatives: -11.0075, 13.8766
logLH TIP-INNER at edge (3997-1999): -26418.4190, LH derivatives: -3.5493, 3.6694

datatype = ODD, scaling = per-rate, alpha = 2.000000, rates = [ 0.293275 0.655014 1.069990 1.981722 ]
recompute P-matrices: 3997
recompute CLVs: 1998
scaler 1995: [ 8+(0 1 2 4)  8+(0 2 4 6)  9+(0 3 7 12)  8+(0 1 2 6)  7+(0 1 3 5)  8+(0 1 2 4)  8+(0 2 4 6)  9+(0 3 7 12)  8+(0 1 2 6)  7+(0 1 3 5)  8+(0 1 2 4)  8+(0 2 4 6)  9+(0 3 7 12)  8+(0 1 2 6)  7+(0 1 3 5)  8+(0 1 2 4)  8+(0 2 4 6)  ]
per-site logLH: [ -1517.3278 -1593.6331 -1771.7801 -1464.2867 -1422.1250 -1517.3278 -1593.6331 -1771.7801 -1464.2867 -1422.1250 -1517.3278 -1593.6331 -1771.7801 -1464.2867 -1422.1250 -1517.3278 -1593.6331 ]
logLH INNER-INNER at edge (3997-3995): -26418.4190, LH derivatives: -11.0075, 13.8766
logLH TIP-INNER at edge (3997-1999): -26418.4190, LH derivatives: -3.5493, 3.6694

datatype = DNA, scaling = per-site, alpha = 99.000000, rates = [ 0.875297 0.964547 1.029683 1.130473 ]
recompute P-matrices: 3997
recompute CLVs: 1998
scaler 1995: [ 9 6 18 18 5 9 6 18 18 5 9 6 18 18 5 9 6 ]
per-site logLH: [ -1658.3038 -1166.0014 -3313.6724 -3314.2351 -1008.3317 -1658.3038 -1166.0014 -3313.6724 -3314.2351 -1008.3317 -1658.3038 -1166.0014 -3313.6724 -3314.2351 -1008.3317 -1658.3038 -1166.0014 ]
logLH INNER-INNER at edge (3997-3995): -34205.9387, LH derivatives: -8.3887, 11.1584
logLH TIP-INNER at edge (3997-1999): -34205.9387, LH derivatives: -3.2590, 3.5133

datatype = DNA, scaling = per-rate, alpha = 99.000000, rates = [ 0.875297 0.964547 1.029683 1.130473 ]
recompute P-matrices: 3997
recompute CLVs: 1998
scaler 1995: [ 9+(0 0 0 0)  6+(0 0 0 0)  18+(0 1 1 1)  18+(0 1 1 1)  5+(0 0 0 0)  9+(0 0 0 0)  6+(0 0 0 0)  18+(0 1 1 1)  18+(0 1 1 1)  5+(0 0 0 0)  9+(0 0 0 0)  6+(0 0 0 0)  18+(0 1 1 1)  18+(0 1 1 1)  5+(0 0 0 0)  9+(0 0 0 0)  6+(0 0 0 0)  ]
per-site logLH: [ -1658.3038 -1166.0014 -3313.6724 -3314.2351 -1008.3317 -1658.3038 -1166.0014 -3313.6724 -3314.2351 -1008.3317 -1658.3038 -1166.0014 -3313.6724 -3314.2351 -1008.3317 -1658.3038 -1166.0014 ]
logLH INNER-INNER at edge (3997-3995): -34205.9387, LH derivatives: -8.3887, 11.1584
logLH TIP-INNER at edge (3997-1999): -34205.9387, LH derivatives: -3.2590, 3.5133

datatype = PROT, scaling = per-site, alpha = 99.000000, rates = [ 0.875297 0.964547 1.029683 1.130473 ]
recompute P-matrices: 3997
recompute CLVs: 1998
scaler 1995: [ 14 17 15 21 16 14 17 19 16 19 13 18 18 16 15 18 16 ]
per-site logLH: [ -2527.5669 -3201.6455 -2784.7409 -3775.4654 -2868.9575 -2502.7130 -3058.4929 -3414.7237 -2876.5492 -3529.6336 -2472.6227 -3314.6059 -3336.5413 -3030.9194 -2758.0472 -3298.2551 -2959.6639 ]
logLH INNER-INNER at edge (3997-3995): -51711.1441, LH derivatives: -10.8426, 17.5525
logLH TIP-INNER at edge (3997-1999): -51711.1441, LH derivatives: -1.4089, 3.7259

datatype = PROT, scaling = per-rate, alpha = 99.000000, rates = [ 0.875297 0.964547 1.029683 1.130473 ]
recompute P-matrices: 3997
recompute CLVs: 1998
scaler 1995: [ 14+(0 0 0 0)  17+(0 1 1 2)  15+(0 0 1 1)  21+(0 1 1 2)  16+(0 0 0 1)  14+(0 0 0 0)  17+(0 0 0 1)  19+(0 0 1 1)  16+(0 0 0 1)  19+(0 1 1 2)  13+(0 0 1 1)  18+(0 1 1 1)  18+(0 1 1 1)  16+(0 1 1 2)  15+(0 0 0 1)  18+(0 1 1 2)  16+(0 0 1 1)  ]
per-site logLH: [ -2527.5669 -3201.6455 -2784.7409 -3775.4654 -2868.9575 -2502.7130 -3058.4929 -3414.7237 -2876.5492 -3529.6336 -2472.6227 -3314.6059 -3336.5413 -3030.9194 -2758.0472 -3298.2551 -2959.6639 ]
logLH INNER-INNER at edge (3997-3995): -51711.1441, LH derivatives: -10.8426, 17.5525
logLH TIP-INNER at edge (3997-1999): -51711.1441, LH derivatives: -1.4089, 3.7259

datatype = ODD, scaling = per-site, alpha = 99.000000, rates = [ 0.875297 0.964547 1.029683 1.130473 ]
recompute P-matrices: 3997
recompute CLVs: 1998
scaler 1995: [ 10 11 14 10 9 10 11 14 10 9 10 11 14 10 9 10 11 ]
per-site logLH: [ -1787.1964 -2057.4882 -2603.1623 -1792.1680 -1681.9547 -1787.1964 -2057.4882 -2603.1623 -1792.1680 -1681.9547 -1787.1964 -2057.4882 -2603.1623 -1792.1680 -1681.9547 -1787.1964 -2057.4882 ]
logLH INNER-INNER at edge (3997-3995): -33610.5930, LH derivatives: -5.9655, 12.2215
logLH TIP-INNER at edge (3997-1999): -33610.5930, LH derivatives: -0.5053, 1.5317

datatype = ODD, scaling = per-rate, alpha = 99.000000, rates = [ 0.875297 0.964547 1.029683 1.130473 ]
recompute P-matrices: 3997
recompute CLVs: 1998
scaler 1995: [ 10+(0 0 0 0)  11+(0 0 1 1)  14+(0 1 1 2)  10+(0 0 0 1)  9+(0 0 0 1)  10+(0 0 0 0)  11+(0 0 1 1)  14+(0 1 1 2)  10+(0 0 0 1)  9+(0 0 0 1)  10+(0 0 0 0)  11+(0 0 1 1)  14+(0 1 1 2)  10+(0 0 0 1)  9+(0 0 0 1)  10+(0 0 0 0)  11+(0 0 1 1)  ]
per-site logLH: [ -1787.1964 -2057.4882 -2603.1623 -1792.1680 -1681.9547 -1787.1964 -2057.4882 -2603.1623 -1792.1680 -1681.9547 -1787.1964 -2057.4882 -2603.1623 -1792.1680 -1681.9547 -1787.1964 -2057.4882 ]
logLH INNER-INNER at edge (3997-3995): -33610.5930, LH derivatives: -5.9655, 12.2215
logLH TIP-INNER at edge (3997-1999): -33610.5930, LH derivatives: -0.5053, 1.5317

